// SYNTAX TEST "source.ballerina" "const highlighting testcase"

> const CP_UPPER_A = 0x41;
//^^^^^^ source.ballerina meta.var.expr.ballerina keyword.other.ballerina
//      ^^^^^^^^^^ source.ballerina meta.var.expr.ballerina meta.definition.variable.ballerina variable.other.constant.ballerina
//                ^ source.ballerina meta.var.expr.ballerina
//                 ^ source.ballerina meta.var.expr.ballerina keyword.operator.assignment.ballerina
//                  ^ source.ballerina meta.var.expr.ballerina
//                   ^^^^ source.ballerina meta.var.expr.ballerina constant.numeric.decimal.ballerina
//                       ^ source.ballerina punctuation.terminator.statement.ballerina
> const CP_UPPER_B = 0x42;
//^^^^^^ source.ballerina meta.var.expr.ballerina keyword.other.ballerina
//      ^^^^^^^^^^ source.ballerina meta.var.expr.ballerina meta.definition.variable.ballerina variable.other.constant.ballerina
//                ^ source.ballerina meta.var.expr.ballerina
//                 ^ source.ballerina meta.var.expr.ballerina keyword.operator.assignment.ballerina
//                  ^ source.ballerina meta.var.expr.ballerina
//                   ^^^^ source.ballerina meta.var.expr.ballerina constant.numeric.decimal.ballerina
//                       ^ source.ballerina punctuation.terminator.statement.ballerina
> const CP_UPPER_C = 0x43;
//^^^^^^ source.ballerina meta.var.expr.ballerina keyword.other.ballerina
//      ^^^^^^^^^^ source.ballerina meta.var.expr.ballerina meta.definition.variable.ballerina variable.other.constant.ballerina
//                ^ source.ballerina meta.var.expr.ballerina
//                 ^ source.ballerina meta.var.expr.ballerina keyword.operator.assignment.ballerina
//                  ^ source.ballerina meta.var.expr.ballerina
//                   ^^^^ source.ballerina meta.var.expr.ballerina constant.numeric.decimal.ballerina
//                       ^ source.ballerina punctuation.terminator.statement.ballerina
> const CP_UPPER_D = 0x44;
//^^^^^^ source.ballerina meta.var.expr.ballerina keyword.other.ballerina
//      ^^^^^^^^^^ source.ballerina meta.var.expr.ballerina meta.definition.variable.ballerina variable.other.constant.ballerina
//                ^ source.ballerina meta.var.expr.ballerina
//                 ^ source.ballerina meta.var.expr.ballerina keyword.operator.assignment.ballerina
//                  ^ source.ballerina meta.var.expr.ballerina
//                   ^^^^ source.ballerina meta.var.expr.ballerina constant.numeric.decimal.ballerina
//                       ^ source.ballerina punctuation.terminator.statement.ballerina
> const CP_UPPER_E = 0x45;
//^^^^^^ source.ballerina meta.var.expr.ballerina keyword.other.ballerina
//      ^^^^^^^^^^ source.ballerina meta.var.expr.ballerina meta.definition.variable.ballerina variable.other.constant.ballerina
//                ^ source.ballerina meta.var.expr.ballerina
//                 ^ source.ballerina meta.var.expr.ballerina keyword.operator.assignment.ballerina
//                  ^ source.ballerina meta.var.expr.ballerina
//                   ^^^^ source.ballerina meta.var.expr.ballerina constant.numeric.decimal.ballerina
//                       ^ source.ballerina punctuation.terminator.statement.ballerina
> const CP_UPPER_F = 0x46;
//^^^^^^ source.ballerina meta.var.expr.ballerina keyword.other.ballerina
//      ^^^^^^^^^^ source.ballerina meta.var.expr.ballerina meta.definition.variable.ballerina variable.other.constant.ballerina
//                ^ source.ballerina meta.var.expr.ballerina
//                 ^ source.ballerina meta.var.expr.ballerina keyword.operator.assignment.ballerina
//                  ^ source.ballerina meta.var.expr.ballerina
//                   ^^^^ source.ballerina meta.var.expr.ballerina constant.numeric.decimal.ballerina
//                       ^ source.ballerina punctuation.terminator.statement.ballerina
> const CP_UPPER_G = 0x47;
//^^^^^^ source.ballerina meta.var.expr.ballerina keyword.other.ballerina
//      ^^^^^^^^^^ source.ballerina meta.var.expr.ballerina meta.definition.variable.ballerina variable.other.constant.ballerina
//                ^ source.ballerina meta.var.expr.ballerina
//                 ^ source.ballerina meta.var.expr.ballerina keyword.operator.assignment.ballerina
//                  ^ source.ballerina meta.var.expr.ballerina
//                   ^^^^ source.ballerina meta.var.expr.ballerina constant.numeric.decimal.ballerina
//                       ^ source.ballerina punctuation.terminator.statement.ballerina
> const CP_UPPER_H = 0x48;
//^^^^^^ source.ballerina meta.var.expr.ballerina keyword.other.ballerina
//      ^^^^^^^^^^ source.ballerina meta.var.expr.ballerina meta.definition.variable.ballerina variable.other.constant.ballerina
//                ^ source.ballerina meta.var.expr.ballerina
//                 ^ source.ballerina meta.var.expr.ballerina keyword.operator.assignment.ballerina
//                  ^ source.ballerina meta.var.expr.ballerina
//                   ^^^^ source.ballerina meta.var.expr.ballerina constant.numeric.decimal.ballerina
//                       ^ source.ballerina punctuation.terminator.statement.ballerina
> const CP_UPPER_I = 0x49;
//^^^^^^ source.ballerina meta.var.expr.ballerina keyword.other.ballerina
//      ^^^^^^^^^^ source.ballerina meta.var.expr.ballerina meta.definition.variable.ballerina variable.other.constant.ballerina
//                ^ source.ballerina meta.var.expr.ballerina
//                 ^ source.ballerina meta.var.expr.ballerina keyword.operator.assignment.ballerina
//                  ^ source.ballerina meta.var.expr.ballerina
//                   ^^^^ source.ballerina meta.var.expr.ballerina constant.numeric.decimal.ballerina
//                       ^ source.ballerina punctuation.terminator.statement.ballerina
> const CP_UPPER_J = 0x4A;
//^^^^^^ source.ballerina meta.var.expr.ballerina keyword.other.ballerina
//      ^^^^^^^^^^ source.ballerina meta.var.expr.ballerina meta.definition.variable.ballerina variable.other.constant.ballerina
//                ^ source.ballerina meta.var.expr.ballerina
//                 ^ source.ballerina meta.var.expr.ballerina keyword.operator.assignment.ballerina
//                  ^ source.ballerina meta.var.expr.ballerina
//                   ^^^^ source.ballerina meta.var.expr.ballerina constant.numeric.decimal.ballerina
//                       ^ source.ballerina punctuation.terminator.statement.ballerina
> const CP_UPPER_K = 0x4B;
//^^^^^^ source.ballerina meta.var.expr.ballerina keyword.other.ballerina
//      ^^^^^^^^^^ source.ballerina meta.var.expr.ballerina meta.definition.variable.ballerina variable.other.constant.ballerina
//                ^ source.ballerina meta.var.expr.ballerina
//                 ^ source.ballerina meta.var.expr.ballerina keyword.operator.assignment.ballerina
//                  ^ source.ballerina meta.var.expr.ballerina
//                   ^^^^ source.ballerina meta.var.expr.ballerina constant.numeric.decimal.ballerina
//                       ^ source.ballerina punctuation.terminator.statement.ballerina
> const CP_UPPER_L = 0x4C;
//^^^^^^ source.ballerina meta.var.expr.ballerina keyword.other.ballerina
//      ^^^^^^^^^^ source.ballerina meta.var.expr.ballerina meta.definition.variable.ballerina variable.other.constant.ballerina
//                ^ source.ballerina meta.var.expr.ballerina
//                 ^ source.ballerina meta.var.expr.ballerina keyword.operator.assignment.ballerina
//                  ^ source.ballerina meta.var.expr.ballerina
//                   ^^^^ source.ballerina meta.var.expr.ballerina constant.numeric.decimal.ballerina
//                       ^ source.ballerina punctuation.terminator.statement.ballerina
> const CP_UPPER_M = 0x4D;
//^^^^^^ source.ballerina meta.var.expr.ballerina keyword.other.ballerina
//      ^^^^^^^^^^ source.ballerina meta.var.expr.ballerina meta.definition.variable.ballerina variable.other.constant.ballerina
//                ^ source.ballerina meta.var.expr.ballerina
//                 ^ source.ballerina meta.var.expr.ballerina keyword.operator.assignment.ballerina
//                  ^ source.ballerina meta.var.expr.ballerina
//                   ^^^^ source.ballerina meta.var.expr.ballerina constant.numeric.decimal.ballerina
//                       ^ source.ballerina punctuation.terminator.statement.ballerina
> const CP_UPPER_N = 0x4E;
//^^^^^^ source.ballerina meta.var.expr.ballerina keyword.other.ballerina
//      ^^^^^^^^^^ source.ballerina meta.var.expr.ballerina meta.definition.variable.ballerina variable.other.constant.ballerina
//                ^ source.ballerina meta.var.expr.ballerina
//                 ^ source.ballerina meta.var.expr.ballerina keyword.operator.assignment.ballerina
//                  ^ source.ballerina meta.var.expr.ballerina
//                   ^^^^ source.ballerina meta.var.expr.ballerina constant.numeric.decimal.ballerina
//                       ^ source.ballerina punctuation.terminator.statement.ballerina
> const CP_UPPER_O = 0x4F;
//^^^^^^ source.ballerina meta.var.expr.ballerina keyword.other.ballerina
//      ^^^^^^^^^^ source.ballerina meta.var.expr.ballerina meta.definition.variable.ballerina variable.other.constant.ballerina
//                ^ source.ballerina meta.var.expr.ballerina
//                 ^ source.ballerina meta.var.expr.ballerina keyword.operator.assignment.ballerina
//                  ^ source.ballerina meta.var.expr.ballerina
//                   ^^^^ source.ballerina meta.var.expr.ballerina constant.numeric.decimal.ballerina
//                       ^ source.ballerina punctuation.terminator.statement.ballerina
> const CP_UPPER_P = 0x50;
//^^^^^^ source.ballerina meta.var.expr.ballerina keyword.other.ballerina
//      ^^^^^^^^^^ source.ballerina meta.var.expr.ballerina meta.definition.variable.ballerina variable.other.constant.ballerina
//                ^ source.ballerina meta.var.expr.ballerina
//                 ^ source.ballerina meta.var.expr.ballerina keyword.operator.assignment.ballerina
//                  ^ source.ballerina meta.var.expr.ballerina
//                   ^^^^ source.ballerina meta.var.expr.ballerina constant.numeric.decimal.ballerina
//                       ^ source.ballerina punctuation.terminator.statement.ballerina
> const CP_UPPER_Q = 0x51;
//^^^^^^ source.ballerina meta.var.expr.ballerina keyword.other.ballerina
//      ^^^^^^^^^^ source.ballerina meta.var.expr.ballerina meta.definition.variable.ballerina variable.other.constant.ballerina
//                ^ source.ballerina meta.var.expr.ballerina
//                 ^ source.ballerina meta.var.expr.ballerina keyword.operator.assignment.ballerina
//                  ^ source.ballerina meta.var.expr.ballerina
//                   ^^^^ source.ballerina meta.var.expr.ballerina constant.numeric.decimal.ballerina
//                       ^ source.ballerina punctuation.terminator.statement.ballerina
> const CP_UPPER_R = 0x52;
//^^^^^^ source.ballerina meta.var.expr.ballerina keyword.other.ballerina
//      ^^^^^^^^^^ source.ballerina meta.var.expr.ballerina meta.definition.variable.ballerina variable.other.constant.ballerina
//                ^ source.ballerina meta.var.expr.ballerina
//                 ^ source.ballerina meta.var.expr.ballerina keyword.operator.assignment.ballerina
//                  ^ source.ballerina meta.var.expr.ballerina
//                   ^^^^ source.ballerina meta.var.expr.ballerina constant.numeric.decimal.ballerina
//                       ^ source.ballerina punctuation.terminator.statement.ballerina
> const CP_UPPER_S = 0x53;
//^^^^^^ source.ballerina meta.var.expr.ballerina keyword.other.ballerina
//      ^^^^^^^^^^ source.ballerina meta.var.expr.ballerina meta.definition.variable.ballerina variable.other.constant.ballerina
//                ^ source.ballerina meta.var.expr.ballerina
//                 ^ source.ballerina meta.var.expr.ballerina keyword.operator.assignment.ballerina
//                  ^ source.ballerina meta.var.expr.ballerina
//                   ^^^^ source.ballerina meta.var.expr.ballerina constant.numeric.decimal.ballerina
//                       ^ source.ballerina punctuation.terminator.statement.ballerina
> const CP_UPPER_T = 0x54;
//^^^^^^ source.ballerina meta.var.expr.ballerina keyword.other.ballerina
//      ^^^^^^^^^^ source.ballerina meta.var.expr.ballerina meta.definition.variable.ballerina variable.other.constant.ballerina
//                ^ source.ballerina meta.var.expr.ballerina
//                 ^ source.ballerina meta.var.expr.ballerina keyword.operator.assignment.ballerina
//                  ^ source.ballerina meta.var.expr.ballerina
//                   ^^^^ source.ballerina meta.var.expr.ballerina constant.numeric.decimal.ballerina
//                       ^ source.ballerina punctuation.terminator.statement.ballerina
> const CP_UPPER_U = 0x55;
//^^^^^^ source.ballerina meta.var.expr.ballerina keyword.other.ballerina
//      ^^^^^^^^^^ source.ballerina meta.var.expr.ballerina meta.definition.variable.ballerina variable.other.constant.ballerina
//                ^ source.ballerina meta.var.expr.ballerina
//                 ^ source.ballerina meta.var.expr.ballerina keyword.operator.assignment.ballerina
//                  ^ source.ballerina meta.var.expr.ballerina
//                   ^^^^ source.ballerina meta.var.expr.ballerina constant.numeric.decimal.ballerina
//                       ^ source.ballerina punctuation.terminator.statement.ballerina
> const CP_UPPER_V = 0x56;
//^^^^^^ source.ballerina meta.var.expr.ballerina keyword.other.ballerina
//      ^^^^^^^^^^ source.ballerina meta.var.expr.ballerina meta.definition.variable.ballerina variable.other.constant.ballerina
//                ^ source.ballerina meta.var.expr.ballerina
//                 ^ source.ballerina meta.var.expr.ballerina keyword.operator.assignment.ballerina
//                  ^ source.ballerina meta.var.expr.ballerina
//                   ^^^^ source.ballerina meta.var.expr.ballerina constant.numeric.decimal.ballerina
//                       ^ source.ballerina punctuation.terminator.statement.ballerina
> const CP_UPPER_W = 0x57;
//^^^^^^ source.ballerina meta.var.expr.ballerina keyword.other.ballerina
//      ^^^^^^^^^^ source.ballerina meta.var.expr.ballerina meta.definition.variable.ballerina variable.other.constant.ballerina
//                ^ source.ballerina meta.var.expr.ballerina
//                 ^ source.ballerina meta.var.expr.ballerina keyword.operator.assignment.ballerina
//                  ^ source.ballerina meta.var.expr.ballerina
//                   ^^^^ source.ballerina meta.var.expr.ballerina constant.numeric.decimal.ballerina
//                       ^ source.ballerina punctuation.terminator.statement.ballerina
> const CP_UPPER_X = 0x58;
//^^^^^^ source.ballerina meta.var.expr.ballerina keyword.other.ballerina
//      ^^^^^^^^^^ source.ballerina meta.var.expr.ballerina meta.definition.variable.ballerina variable.other.constant.ballerina
//                ^ source.ballerina meta.var.expr.ballerina
//                 ^ source.ballerina meta.var.expr.ballerina keyword.operator.assignment.ballerina
//                  ^ source.ballerina meta.var.expr.ballerina
//                   ^^^^ source.ballerina meta.var.expr.ballerina constant.numeric.decimal.ballerina
//                       ^ source.ballerina punctuation.terminator.statement.ballerina
> const CP_UPPER_Y = 0x59;
//^^^^^^ source.ballerina meta.var.expr.ballerina keyword.other.ballerina
//      ^^^^^^^^^^ source.ballerina meta.var.expr.ballerina meta.definition.variable.ballerina variable.other.constant.ballerina
//                ^ source.ballerina meta.var.expr.ballerina
//                 ^ source.ballerina meta.var.expr.ballerina keyword.operator.assignment.ballerina
//                  ^ source.ballerina meta.var.expr.ballerina
//                   ^^^^ source.ballerina meta.var.expr.ballerina constant.numeric.decimal.ballerina
//                       ^ source.ballerina punctuation.terminator.statement.ballerina
> const CP_UPPER_Z = 0x5A;
//^^^^^^ source.ballerina meta.var.expr.ballerina keyword.other.ballerina
//      ^^^^^^^^^^ source.ballerina meta.var.expr.ballerina meta.definition.variable.ballerina variable.other.constant.ballerina
//                ^ source.ballerina meta.var.expr.ballerina
//                 ^ source.ballerina meta.var.expr.ballerina keyword.operator.assignment.ballerina
//                  ^ source.ballerina meta.var.expr.ballerina
//                   ^^^^ source.ballerina meta.var.expr.ballerina constant.numeric.decimal.ballerina
//                       ^ source.ballerina punctuation.terminator.statement.ballerina
> 
