// SYNTAX TEST "source.ballerina" "regexp template highlighting testcase"
>
>string str = "pattern";
#^^^^^^ source.ballerina meta.var.expr.ballerina support.type.primitive.ballerina
#      ^ source.ballerina meta.var.expr.ballerina
#       ^^^ source.ballerina meta.var.expr.ballerina meta.var-single-variable.expr.ballerina meta.definition.variable.ballerina variable.other.readwrite.ballerina
#          ^ source.ballerina meta.var.expr.ballerina meta.var-single-variable.expr.ballerina
#           ^ source.ballerina meta.var.expr.ballerina keyword.operator.assignment.ballerina
#            ^ source.ballerina meta.var.expr.ballerina
#             ^ source.ballerina meta.var.expr.ballerina string.quoted.double.ballerina punctuation.definition.string.begin.ballerina
#              ^^^^^^^ source.ballerina meta.var.expr.ballerina string.quoted.double.ballerina
#                     ^ source.ballerina meta.var.expr.ballerina string.quoted.double.ballerina punctuation.definition.string.end.ballerina
#                      ^ source.ballerina punctuation.terminator.statement.ballerina
>type MyRecord record {
#^^^^ source.ballerina keyword.other.ballerina
#    ^ source.ballerina
#     ^^^^^^^^ source.ballerina entity.name.type.ballerina
#             ^ source.ballerina
#              ^^^^^^ source.ballerina meta.record.ballerina keyword.other.ballerina
#                    ^ source.ballerina meta.record.ballerina
#                     ^ source.ballerina meta.record.ballerina meta.block.ballerina punctuation.definition.block.ballerina
>   string myStr = "aaa";
#^^^ source.ballerina meta.record.ballerina meta.block.ballerina
#   ^^^^^^ source.ballerina meta.record.ballerina meta.block.ballerina meta.var.expr.ballerina support.type.primitive.ballerina
#         ^ source.ballerina meta.record.ballerina meta.block.ballerina meta.var.expr.ballerina
#          ^^^^^ source.ballerina meta.record.ballerina meta.block.ballerina meta.var.expr.ballerina meta.var-single-variable.expr.ballerina meta.definition.variable.ballerina variable.other.readwrite.ballerina
#               ^ source.ballerina meta.record.ballerina meta.block.ballerina meta.var.expr.ballerina meta.var-single-variable.expr.ballerina
#                ^ source.ballerina meta.record.ballerina meta.block.ballerina meta.var.expr.ballerina keyword.operator.assignment.ballerina
#                 ^ source.ballerina meta.record.ballerina meta.block.ballerina meta.var.expr.ballerina
#                  ^ source.ballerina meta.record.ballerina meta.block.ballerina meta.var.expr.ballerina string.quoted.double.ballerina punctuation.definition.string.begin.ballerina
#                   ^^^ source.ballerina meta.record.ballerina meta.block.ballerina meta.var.expr.ballerina string.quoted.double.ballerina
#                      ^ source.ballerina meta.record.ballerina meta.block.ballerina meta.var.expr.ballerina string.quoted.double.ballerina punctuation.definition.string.end.ballerina
#                       ^ source.ballerina meta.record.ballerina meta.block.ballerina punctuation.terminator.statement.ballerina
>};
#^ source.ballerina meta.record.ballerina meta.block.ballerina punctuation.definition.block.ballerina
# ^ source.ballerina punctuation.terminator.statement.ballerina
>
>MyRecord rA = { myStr: "abc" };
#^^^^^^^^ source.ballerina variable.other.readwrite.ballerina
#        ^ source.ballerina
#         ^^ source.ballerina variable.other.readwrite.ballerina
#           ^ source.ballerina
#            ^ source.ballerina keyword.operator.ballerina
#             ^ source.ballerina
#              ^ source.ballerina meta.block.ballerina punctuation.definition.block.ballerina
#               ^ source.ballerina meta.block.ballerina
#                ^^^^^ source.ballerina meta.block.ballerina variable.other.readwrite.ballerina
#                     ^ source.ballerina meta.block.ballerina meta.type.annotation.ballerina keyword.operator.type.annotation.ballerina
#                      ^ source.ballerina meta.block.ballerina meta.type.annotation.ballerina
#                       ^ source.ballerina meta.block.ballerina meta.type.annotation.ballerina string.quoted.double.ballerina punctuation.definition.string.begin.ballerina
#                        ^^^ source.ballerina meta.block.ballerina meta.type.annotation.ballerina string.quoted.double.ballerina
#                           ^ source.ballerina meta.block.ballerina meta.type.annotation.ballerina string.quoted.double.ballerina punctuation.definition.string.end.ballerina
#                            ^ source.ballerina meta.block.ballerina meta.type.annotation.ballerina
#                             ^ source.ballerina meta.block.ballerina punctuation.definition.block.ballerina
#                              ^ source.ballerina punctuation.terminator.statement.ballerina
>string:RegExp _ = re `(abc)|${str}|[abc-f\d\-]|(?i:abc)|\p{Ll}|${rA.myStr}`;
#^^^^^^ source.ballerina meta.var.expr.ballerina support.type.primitive.ballerina
#      ^ source.ballerina meta.var.expr.ballerina meta.type.annotation.ballerina keyword.operator.type.annotation.ballerina
#       ^^^^^^ source.ballerina meta.var.expr.ballerina meta.type.annotation.ballerina variable.other.readwrite.ballerina
#             ^ source.ballerina meta.var.expr.ballerina meta.type.annotation.ballerina
#              ^ source.ballerina meta.var.expr.ballerina meta.type.annotation.ballerina variable.other.readwrite.ballerina
#               ^ source.ballerina meta.var.expr.ballerina meta.type.annotation.ballerina
#                ^ source.ballerina meta.var.expr.ballerina keyword.operator.assignment.ballerina
#                 ^ source.ballerina meta.var.expr.ballerina
#                  ^^ source.ballerina meta.var.expr.ballerina regexp.template.ballerina support.type.primitive.ballerina
#                    ^ source.ballerina meta.var.expr.ballerina regexp.template.ballerina
#                     ^ source.ballerina meta.var.expr.ballerina regexp.template.ballerina punctuation.definition.regexp.template.begin.ballerina
#                      ^ source.ballerina meta.var.expr.ballerina regexp.template.ballerina meta.group.assertion.regexp.ballerina punctuation.definition.group.regexp.ballerina
#                       ^^^ source.ballerina meta.var.expr.ballerina regexp.template.ballerina meta.group.assertion.regexp.ballerina
#                          ^ source.ballerina meta.var.expr.ballerina regexp.template.ballerina meta.group.assertion.regexp.ballerina punctuation.definition.group.regexp.ballerina
#                           ^ source.ballerina meta.var.expr.ballerina regexp.template.ballerina keyword.operator.or.regexp.ballerina
#                            ^^ source.ballerina meta.var.expr.ballerina regexp.template.ballerina meta.template.expression.ballerina punctuation.definition.template-expression.begin.ballerina
#                              ^^^ source.ballerina meta.var.expr.ballerina regexp.template.ballerina meta.template.expression.ballerina meta.embedded.line.ballerina variable.other.readwrite.ballerina
#                                 ^ source.ballerina meta.var.expr.ballerina regexp.template.ballerina meta.template.expression.ballerina punctuation.definition.template-expression.end.ballerina
#                                  ^ source.ballerina meta.var.expr.ballerina regexp.template.ballerina keyword.operator.or.regexp.ballerina
#                                   ^ source.ballerina meta.var.expr.ballerina regexp.template.ballerina constant.other.character-class.set.regexp.ballerina punctuation.definition.character-class.start.regexp.ballerina
#                                    ^^ source.ballerina meta.var.expr.ballerina regexp.template.ballerina constant.other.character-class.set.regexp.ballerina
#                                      ^^^ source.ballerina meta.var.expr.ballerina regexp.template.ballerina constant.other.character-class.set.regexp.ballerina constant.other.character-class.range.regexp.ballerina
#                                         ^^ source.ballerina meta.var.expr.ballerina regexp.template.ballerina constant.other.character-class.set.regexp.ballerina keyword.other.character-class.regexp.ballerina
#                                           ^^ source.ballerina meta.var.expr.ballerina regexp.template.ballerina constant.other.character-class.set.regexp.ballerina constant.character.escape.backslash.regexp
#                                             ^ source.ballerina meta.var.expr.ballerina regexp.template.ballerina constant.other.character-class.set.regexp.ballerina punctuation.definition.character-class.end.regexp.ballerina
#                                              ^ source.ballerina meta.var.expr.ballerina regexp.template.ballerina keyword.operator.or.regexp.ballerina
#                                               ^ source.ballerina meta.var.expr.ballerina regexp.template.ballerina meta.group.assertion.regexp.ballerina punctuation.definition.group.regexp.ballerina
#                                                ^ source.ballerina meta.var.expr.ballerina regexp.template.ballerina meta.group.assertion.regexp.ballerina keyword.operator.quantifier.regexp.ballerina
#                                                 ^ source.ballerina meta.var.expr.ballerina regexp.template.ballerina meta.group.assertion.regexp.ballerina constant.other.flag.regexp.ballerina keyword.other.non-capturing-group.flags-on.regexp.ballerina
#                                                  ^ source.ballerina meta.var.expr.ballerina regexp.template.ballerina meta.group.assertion.regexp.ballerina constant.other.flag.regexp.ballerina punctuation.other.non-capturing-group-end.regexp.ballerina
#                                                   ^^^ source.ballerina meta.var.expr.ballerina regexp.template.ballerina meta.group.assertion.regexp.ballerina
#                                                      ^ source.ballerina meta.var.expr.ballerina regexp.template.ballerina meta.group.assertion.regexp.ballerina punctuation.definition.group.regexp.ballerina
#                                                       ^ source.ballerina meta.var.expr.ballerina regexp.template.ballerina keyword.operator.or.regexp.ballerina
#                                                        ^^ source.ballerina meta.var.expr.ballerina regexp.template.ballerina keyword.other.unicode-property.regexp.ballerina keyword.other.unicode-property.regexp.ballerina
#                                                          ^ source.ballerina meta.var.expr.ballerina regexp.template.ballerina keyword.other.unicode-property.regexp.ballerina punctuation.other.unicode-property.begin.regexp.ballerina
#                                                           ^^ source.ballerina meta.var.expr.ballerina regexp.template.ballerina keyword.other.unicode-property.regexp.ballerina
#                                                             ^ source.ballerina meta.var.expr.ballerina regexp.template.ballerina keyword.other.unicode-property.regexp.ballerina punctuation.other.unicode-property.end.regexp.ballerina
#                                                              ^ source.ballerina meta.var.expr.ballerina regexp.template.ballerina keyword.operator.or.regexp.ballerina
#                                                               ^^ source.ballerina meta.var.expr.ballerina regexp.template.ballerina meta.template.expression.ballerina punctuation.definition.template-expression.begin.ballerina
#                                                                 ^^ source.ballerina meta.var.expr.ballerina regexp.template.ballerina meta.template.expression.ballerina meta.embedded.line.ballerina variable.other.readwrite.ballerina
#                                                                   ^ source.ballerina meta.var.expr.ballerina regexp.template.ballerina meta.template.expression.ballerina meta.embedded.line.ballerina punctuation.accessor.ballerina
#                                                                    ^^^^^ source.ballerina meta.var.expr.ballerina regexp.template.ballerina meta.template.expression.ballerina meta.embedded.line.ballerina variable.other.property.ballerina
#                                                                         ^ source.ballerina meta.var.expr.ballerina regexp.template.ballerina meta.template.expression.ballerina punctuation.definition.template-expression.end.ballerina
#                                                                          ^ source.ballerina meta.var.expr.ballerina regexp.template.ballerina
#                                                                           ^ source.ballerina punctuation.terminator.statement.ballerina
>
>function name() {
#^^^^^^^^ source.ballerina meta.function.ballerina keyword.other.ballerina
#        ^ source.ballerina meta.function.ballerina
#         ^^^^ source.ballerina meta.function.ballerina meta.definition.function.ballerina entity.name.function.ballerina
#             ^ source.ballerina meta.function.ballerina meta.parameters.ballerina punctuation.definition.parameters.begin.ballerina
#              ^ source.ballerina meta.function.ballerina meta.parameters.ballerina punctuation.definition.parameters.end.ballerina
#               ^ source.ballerina meta.function.ballerina
#                ^ source.ballerina meta.function.ballerina meta.block.ballerina punctuation.definition.block.ballerina
>
>    string pattern = "ABC";
#^^^^ source.ballerina meta.function.ballerina meta.block.ballerina
#    ^^^^^^ source.ballerina meta.function.ballerina meta.block.ballerina meta.var.expr.ballerina support.type.primitive.ballerina
#          ^ source.ballerina meta.function.ballerina meta.block.ballerina meta.var.expr.ballerina
#           ^^^^^^^ source.ballerina meta.function.ballerina meta.block.ballerina meta.var.expr.ballerina meta.var-single-variable.expr.ballerina meta.definition.variable.ballerina variable.other.readwrite.ballerina
#                  ^ source.ballerina meta.function.ballerina meta.block.ballerina meta.var.expr.ballerina meta.var-single-variable.expr.ballerina
#                   ^ source.ballerina meta.function.ballerina meta.block.ballerina meta.var.expr.ballerina keyword.operator.assignment.ballerina
#                    ^ source.ballerina meta.function.ballerina meta.block.ballerina meta.var.expr.ballerina
#                     ^ source.ballerina meta.function.ballerina meta.block.ballerina meta.var.expr.ballerina string.quoted.double.ballerina punctuation.definition.string.begin.ballerina
#                      ^^^ source.ballerina meta.function.ballerina meta.block.ballerina meta.var.expr.ballerina string.quoted.double.ballerina
#                         ^ source.ballerina meta.function.ballerina meta.block.ballerina meta.var.expr.ballerina string.quoted.double.ballerina punctuation.definition.string.end.ballerina
#                          ^ source.ballerina meta.function.ballerina meta.block.ballerina punctuation.terminator.statement.ballerina
>    
>    string:RegExp _ = re `abc`;
#^^^^ source.ballerina meta.function.ballerina meta.block.ballerina
#    ^^^^^^ source.ballerina meta.function.ballerina meta.block.ballerina meta.var.expr.ballerina support.type.primitive.ballerina
#          ^ source.ballerina meta.function.ballerina meta.block.ballerina meta.var.expr.ballerina meta.type.annotation.ballerina keyword.operator.type.annotation.ballerina
#           ^^^^^^ source.ballerina meta.function.ballerina meta.block.ballerina meta.var.expr.ballerina meta.type.annotation.ballerina variable.other.readwrite.ballerina
#                 ^ source.ballerina meta.function.ballerina meta.block.ballerina meta.var.expr.ballerina meta.type.annotation.ballerina
#                  ^ source.ballerina meta.function.ballerina meta.block.ballerina meta.var.expr.ballerina meta.type.annotation.ballerina variable.other.readwrite.ballerina
#                   ^ source.ballerina meta.function.ballerina meta.block.ballerina meta.var.expr.ballerina meta.type.annotation.ballerina
#                    ^ source.ballerina meta.function.ballerina meta.block.ballerina meta.var.expr.ballerina keyword.operator.assignment.ballerina
#                     ^ source.ballerina meta.function.ballerina meta.block.ballerina meta.var.expr.ballerina
#                      ^^ source.ballerina meta.function.ballerina meta.block.ballerina meta.var.expr.ballerina regexp.template.ballerina support.type.primitive.ballerina
#                        ^ source.ballerina meta.function.ballerina meta.block.ballerina meta.var.expr.ballerina regexp.template.ballerina
#                         ^ source.ballerina meta.function.ballerina meta.block.ballerina meta.var.expr.ballerina regexp.template.ballerina punctuation.definition.regexp.template.begin.ballerina
#                          ^^^ source.ballerina meta.function.ballerina meta.block.ballerina meta.var.expr.ballerina regexp.template.ballerina
#                             ^ source.ballerina meta.function.ballerina meta.block.ballerina meta.var.expr.ballerina regexp.template.ballerina
#                              ^ source.ballerina meta.function.ballerina meta.block.ballerina punctuation.terminator.statement.ballerina
>    string:RegExp _ = re `(abc)`;
#^^^^ source.ballerina meta.function.ballerina meta.block.ballerina
#    ^^^^^^ source.ballerina meta.function.ballerina meta.block.ballerina meta.var.expr.ballerina support.type.primitive.ballerina
#          ^ source.ballerina meta.function.ballerina meta.block.ballerina meta.var.expr.ballerina meta.type.annotation.ballerina keyword.operator.type.annotation.ballerina
#           ^^^^^^ source.ballerina meta.function.ballerina meta.block.ballerina meta.var.expr.ballerina meta.type.annotation.ballerina variable.other.readwrite.ballerina
#                 ^ source.ballerina meta.function.ballerina meta.block.ballerina meta.var.expr.ballerina meta.type.annotation.ballerina
#                  ^ source.ballerina meta.function.ballerina meta.block.ballerina meta.var.expr.ballerina meta.type.annotation.ballerina variable.other.readwrite.ballerina
#                   ^ source.ballerina meta.function.ballerina meta.block.ballerina meta.var.expr.ballerina meta.type.annotation.ballerina
#                    ^ source.ballerina meta.function.ballerina meta.block.ballerina meta.var.expr.ballerina keyword.operator.assignment.ballerina
#                     ^ source.ballerina meta.function.ballerina meta.block.ballerina meta.var.expr.ballerina
#                      ^^ source.ballerina meta.function.ballerina meta.block.ballerina meta.var.expr.ballerina regexp.template.ballerina support.type.primitive.ballerina
#                        ^ source.ballerina meta.function.ballerina meta.block.ballerina meta.var.expr.ballerina regexp.template.ballerina
#                         ^ source.ballerina meta.function.ballerina meta.block.ballerina meta.var.expr.ballerina regexp.template.ballerina punctuation.definition.regexp.template.begin.ballerina
#                          ^ source.ballerina meta.function.ballerina meta.block.ballerina meta.var.expr.ballerina regexp.template.ballerina meta.group.assertion.regexp.ballerina punctuation.definition.group.regexp.ballerina
#                           ^^^ source.ballerina meta.function.ballerina meta.block.ballerina meta.var.expr.ballerina regexp.template.ballerina meta.group.assertion.regexp.ballerina
#                              ^ source.ballerina meta.function.ballerina meta.block.ballerina meta.var.expr.ballerina regexp.template.ballerina meta.group.assertion.regexp.ballerina punctuation.definition.group.regexp.ballerina
#                               ^ source.ballerina meta.function.ballerina meta.block.ballerina meta.var.expr.ballerina regexp.template.ballerina
#                                ^ source.ballerina meta.function.ballerina meta.block.ballerina punctuation.terminator.statement.ballerina
>    string:RegExp _ = re `[abc]`;
#^^^^ source.ballerina meta.function.ballerina meta.block.ballerina
#    ^^^^^^ source.ballerina meta.function.ballerina meta.block.ballerina meta.var.expr.ballerina support.type.primitive.ballerina
#          ^ source.ballerina meta.function.ballerina meta.block.ballerina meta.var.expr.ballerina meta.type.annotation.ballerina keyword.operator.type.annotation.ballerina
#           ^^^^^^ source.ballerina meta.function.ballerina meta.block.ballerina meta.var.expr.ballerina meta.type.annotation.ballerina variable.other.readwrite.ballerina
#                 ^ source.ballerina meta.function.ballerina meta.block.ballerina meta.var.expr.ballerina meta.type.annotation.ballerina
#                  ^ source.ballerina meta.function.ballerina meta.block.ballerina meta.var.expr.ballerina meta.type.annotation.ballerina variable.other.readwrite.ballerina
#                   ^ source.ballerina meta.function.ballerina meta.block.ballerina meta.var.expr.ballerina meta.type.annotation.ballerina
#                    ^ source.ballerina meta.function.ballerina meta.block.ballerina meta.var.expr.ballerina keyword.operator.assignment.ballerina
#                     ^ source.ballerina meta.function.ballerina meta.block.ballerina meta.var.expr.ballerina
#                      ^^ source.ballerina meta.function.ballerina meta.block.ballerina meta.var.expr.ballerina regexp.template.ballerina support.type.primitive.ballerina
#                        ^ source.ballerina meta.function.ballerina meta.block.ballerina meta.var.expr.ballerina regexp.template.ballerina
#                         ^ source.ballerina meta.function.ballerina meta.block.ballerina meta.var.expr.ballerina regexp.template.ballerina punctuation.definition.regexp.template.begin.ballerina
#                          ^ source.ballerina meta.function.ballerina meta.block.ballerina meta.var.expr.ballerina regexp.template.ballerina constant.other.character-class.set.regexp.ballerina punctuation.definition.character-class.start.regexp.ballerina
#                           ^^^ source.ballerina meta.function.ballerina meta.block.ballerina meta.var.expr.ballerina regexp.template.ballerina constant.other.character-class.set.regexp.ballerina
#                              ^ source.ballerina meta.function.ballerina meta.block.ballerina meta.var.expr.ballerina regexp.template.ballerina constant.other.character-class.set.regexp.ballerina punctuation.definition.character-class.end.regexp.ballerina
#                               ^ source.ballerina meta.function.ballerina meta.block.ballerina meta.var.expr.ballerina regexp.template.ballerina
#                                ^ source.ballerina meta.function.ballerina meta.block.ballerina punctuation.terminator.statement.ballerina
>
>    string:RegExp _ = re `\p{gc=Ll}|\P{Lm}|\p{sc=Latin}`;
#^^^^ source.ballerina meta.function.ballerina meta.block.ballerina
#    ^^^^^^ source.ballerina meta.function.ballerina meta.block.ballerina meta.var.expr.ballerina support.type.primitive.ballerina
#          ^ source.ballerina meta.function.ballerina meta.block.ballerina meta.var.expr.ballerina meta.type.annotation.ballerina keyword.operator.type.annotation.ballerina
#           ^^^^^^ source.ballerina meta.function.ballerina meta.block.ballerina meta.var.expr.ballerina meta.type.annotation.ballerina variable.other.readwrite.ballerina
#                 ^ source.ballerina meta.function.ballerina meta.block.ballerina meta.var.expr.ballerina meta.type.annotation.ballerina
#                  ^ source.ballerina meta.function.ballerina meta.block.ballerina meta.var.expr.ballerina meta.type.annotation.ballerina variable.other.readwrite.ballerina
#                   ^ source.ballerina meta.function.ballerina meta.block.ballerina meta.var.expr.ballerina meta.type.annotation.ballerina
#                    ^ source.ballerina meta.function.ballerina meta.block.ballerina meta.var.expr.ballerina keyword.operator.assignment.ballerina
#                     ^ source.ballerina meta.function.ballerina meta.block.ballerina meta.var.expr.ballerina
#                      ^^ source.ballerina meta.function.ballerina meta.block.ballerina meta.var.expr.ballerina regexp.template.ballerina support.type.primitive.ballerina
#                        ^ source.ballerina meta.function.ballerina meta.block.ballerina meta.var.expr.ballerina regexp.template.ballerina
#                         ^ source.ballerina meta.function.ballerina meta.block.ballerina meta.var.expr.ballerina regexp.template.ballerina punctuation.definition.regexp.template.begin.ballerina
#                          ^^ source.ballerina meta.function.ballerina meta.block.ballerina meta.var.expr.ballerina regexp.template.ballerina keyword.other.unicode-property.regexp.ballerina keyword.other.unicode-property.regexp.ballerina
#                            ^ source.ballerina meta.function.ballerina meta.block.ballerina meta.var.expr.ballerina regexp.template.ballerina keyword.other.unicode-property.regexp.ballerina punctuation.other.unicode-property.begin.regexp.ballerina
#                             ^^^^^ source.ballerina meta.function.ballerina meta.block.ballerina meta.var.expr.ballerina regexp.template.ballerina keyword.other.unicode-property.regexp.ballerina
#                                  ^ source.ballerina meta.function.ballerina meta.block.ballerina meta.var.expr.ballerina regexp.template.ballerina keyword.other.unicode-property.regexp.ballerina punctuation.other.unicode-property.end.regexp.ballerina
#                                   ^ source.ballerina meta.function.ballerina meta.block.ballerina meta.var.expr.ballerina regexp.template.ballerina keyword.operator.or.regexp.ballerina
#                                    ^^ source.ballerina meta.function.ballerina meta.block.ballerina meta.var.expr.ballerina regexp.template.ballerina keyword.other.unicode-property.regexp.ballerina keyword.other.unicode-property.regexp.ballerina
#                                      ^ source.ballerina meta.function.ballerina meta.block.ballerina meta.var.expr.ballerina regexp.template.ballerina keyword.other.unicode-property.regexp.ballerina punctuation.other.unicode-property.begin.regexp.ballerina
#                                       ^^ source.ballerina meta.function.ballerina meta.block.ballerina meta.var.expr.ballerina regexp.template.ballerina keyword.other.unicode-property.regexp.ballerina
#                                         ^ source.ballerina meta.function.ballerina meta.block.ballerina meta.var.expr.ballerina regexp.template.ballerina keyword.other.unicode-property.regexp.ballerina punctuation.other.unicode-property.end.regexp.ballerina
#                                          ^ source.ballerina meta.function.ballerina meta.block.ballerina meta.var.expr.ballerina regexp.template.ballerina keyword.operator.or.regexp.ballerina
#                                           ^^ source.ballerina meta.function.ballerina meta.block.ballerina meta.var.expr.ballerina regexp.template.ballerina keyword.other.unicode-property.regexp.ballerina keyword.other.unicode-property.regexp.ballerina
#                                             ^ source.ballerina meta.function.ballerina meta.block.ballerina meta.var.expr.ballerina regexp.template.ballerina keyword.other.unicode-property.regexp.ballerina punctuation.other.unicode-property.begin.regexp.ballerina
#                                              ^^^^^^^^ source.ballerina meta.function.ballerina meta.block.ballerina meta.var.expr.ballerina regexp.template.ballerina keyword.other.unicode-property.regexp.ballerina
#                                                      ^ source.ballerina meta.function.ballerina meta.block.ballerina meta.var.expr.ballerina regexp.template.ballerina keyword.other.unicode-property.regexp.ballerina punctuation.other.unicode-property.end.regexp.ballerina
#                                                       ^ source.ballerina meta.function.ballerina meta.block.ballerina meta.var.expr.ballerina regexp.template.ballerina
#                                                        ^ source.ballerina meta.function.ballerina meta.block.ballerina punctuation.terminator.statement.ballerina
>    string:RegExp _ = re `\u{12FFFF}`;
#^^^^ source.ballerina meta.function.ballerina meta.block.ballerina
#    ^^^^^^ source.ballerina meta.function.ballerina meta.block.ballerina meta.var.expr.ballerina support.type.primitive.ballerina
#          ^ source.ballerina meta.function.ballerina meta.block.ballerina meta.var.expr.ballerina meta.type.annotation.ballerina keyword.operator.type.annotation.ballerina
#           ^^^^^^ source.ballerina meta.function.ballerina meta.block.ballerina meta.var.expr.ballerina meta.type.annotation.ballerina variable.other.readwrite.ballerina
#                 ^ source.ballerina meta.function.ballerina meta.block.ballerina meta.var.expr.ballerina meta.type.annotation.ballerina
#                  ^ source.ballerina meta.function.ballerina meta.block.ballerina meta.var.expr.ballerina meta.type.annotation.ballerina variable.other.readwrite.ballerina
#                   ^ source.ballerina meta.function.ballerina meta.block.ballerina meta.var.expr.ballerina meta.type.annotation.ballerina
#                    ^ source.ballerina meta.function.ballerina meta.block.ballerina meta.var.expr.ballerina keyword.operator.assignment.ballerina
#                     ^ source.ballerina meta.function.ballerina meta.block.ballerina meta.var.expr.ballerina
#                      ^^ source.ballerina meta.function.ballerina meta.block.ballerina meta.var.expr.ballerina regexp.template.ballerina support.type.primitive.ballerina
#                        ^ source.ballerina meta.function.ballerina meta.block.ballerina meta.var.expr.ballerina regexp.template.ballerina
#                         ^ source.ballerina meta.function.ballerina meta.block.ballerina meta.var.expr.ballerina regexp.template.ballerina punctuation.definition.regexp.template.begin.ballerina
#                          ^^ source.ballerina meta.function.ballerina meta.block.ballerina meta.var.expr.ballerina regexp.template.ballerina keyword.other.unicode-value.ballerina keyword.other.unicode-value.regexp.ballerina
#                            ^ source.ballerina meta.function.ballerina meta.block.ballerina meta.var.expr.ballerina regexp.template.ballerina keyword.other.unicode-value.ballerina punctuation.other.unicode-value.begin.regexp.ballerina
#                             ^^^^^^ source.ballerina meta.function.ballerina meta.block.ballerina meta.var.expr.ballerina regexp.template.ballerina keyword.other.unicode-value.ballerina
#                                   ^ source.ballerina meta.function.ballerina meta.block.ballerina meta.var.expr.ballerina regexp.template.ballerina keyword.other.unicode-value.ballerina punctuation.other.unicode-value.end.regexp.ballerina
#                                    ^ source.ballerina meta.function.ballerina meta.block.ballerina meta.var.expr.ballerina regexp.template.ballerina
#                                     ^ source.ballerina meta.function.ballerina meta.block.ballerina punctuation.terminator.statement.ballerina
>
>    string:RegExp _ = re `\w\s\n`;
#^^^^ source.ballerina meta.function.ballerina meta.block.ballerina
#    ^^^^^^ source.ballerina meta.function.ballerina meta.block.ballerina meta.var.expr.ballerina support.type.primitive.ballerina
#          ^ source.ballerina meta.function.ballerina meta.block.ballerina meta.var.expr.ballerina meta.type.annotation.ballerina keyword.operator.type.annotation.ballerina
#           ^^^^^^ source.ballerina meta.function.ballerina meta.block.ballerina meta.var.expr.ballerina meta.type.annotation.ballerina variable.other.readwrite.ballerina
#                 ^ source.ballerina meta.function.ballerina meta.block.ballerina meta.var.expr.ballerina meta.type.annotation.ballerina
#                  ^ source.ballerina meta.function.ballerina meta.block.ballerina meta.var.expr.ballerina meta.type.annotation.ballerina variable.other.readwrite.ballerina
#                   ^ source.ballerina meta.function.ballerina meta.block.ballerina meta.var.expr.ballerina meta.type.annotation.ballerina
#                    ^ source.ballerina meta.function.ballerina meta.block.ballerina meta.var.expr.ballerina keyword.operator.assignment.ballerina
#                     ^ source.ballerina meta.function.ballerina meta.block.ballerina meta.var.expr.ballerina
#                      ^^ source.ballerina meta.function.ballerina meta.block.ballerina meta.var.expr.ballerina regexp.template.ballerina support.type.primitive.ballerina
#                        ^ source.ballerina meta.function.ballerina meta.block.ballerina meta.var.expr.ballerina regexp.template.ballerina
#                         ^ source.ballerina meta.function.ballerina meta.block.ballerina meta.var.expr.ballerina regexp.template.ballerina punctuation.definition.regexp.template.begin.ballerina
#                          ^^ source.ballerina meta.function.ballerina meta.block.ballerina meta.var.expr.ballerina regexp.template.ballerina keyword.other.character-class.regexp.ballerina
#                            ^^ source.ballerina meta.function.ballerina meta.block.ballerina meta.var.expr.ballerina regexp.template.ballerina keyword.other.character-class.regexp.ballerina
#                              ^^ source.ballerina meta.function.ballerina meta.block.ballerina meta.var.expr.ballerina regexp.template.ballerina keyword.other.character-class.regexp.ballerina
#                                ^ source.ballerina meta.function.ballerina meta.block.ballerina meta.var.expr.ballerina regexp.template.ballerina
#                                 ^ source.ballerina meta.function.ballerina meta.block.ballerina punctuation.terminator.statement.ballerina
>
>    string:RegExp _ = re `(?-:abc)`;
#^^^^ source.ballerina meta.function.ballerina meta.block.ballerina
#    ^^^^^^ source.ballerina meta.function.ballerina meta.block.ballerina meta.var.expr.ballerina support.type.primitive.ballerina
#          ^ source.ballerina meta.function.ballerina meta.block.ballerina meta.var.expr.ballerina meta.type.annotation.ballerina keyword.operator.type.annotation.ballerina
#           ^^^^^^ source.ballerina meta.function.ballerina meta.block.ballerina meta.var.expr.ballerina meta.type.annotation.ballerina variable.other.readwrite.ballerina
#                 ^ source.ballerina meta.function.ballerina meta.block.ballerina meta.var.expr.ballerina meta.type.annotation.ballerina
#                  ^ source.ballerina meta.function.ballerina meta.block.ballerina meta.var.expr.ballerina meta.type.annotation.ballerina variable.other.readwrite.ballerina
#                   ^ source.ballerina meta.function.ballerina meta.block.ballerina meta.var.expr.ballerina meta.type.annotation.ballerina
#                    ^ source.ballerina meta.function.ballerina meta.block.ballerina meta.var.expr.ballerina keyword.operator.assignment.ballerina
#                     ^ source.ballerina meta.function.ballerina meta.block.ballerina meta.var.expr.ballerina
#                      ^^ source.ballerina meta.function.ballerina meta.block.ballerina meta.var.expr.ballerina regexp.template.ballerina support.type.primitive.ballerina
#                        ^ source.ballerina meta.function.ballerina meta.block.ballerina meta.var.expr.ballerina regexp.template.ballerina
#                         ^ source.ballerina meta.function.ballerina meta.block.ballerina meta.var.expr.ballerina regexp.template.ballerina punctuation.definition.regexp.template.begin.ballerina
#                          ^ source.ballerina meta.function.ballerina meta.block.ballerina meta.var.expr.ballerina regexp.template.ballerina meta.group.assertion.regexp.ballerina punctuation.definition.group.regexp.ballerina
#                           ^ source.ballerina meta.function.ballerina meta.block.ballerina meta.var.expr.ballerina regexp.template.ballerina meta.group.assertion.regexp.ballerina keyword.operator.quantifier.regexp.ballerina
#                            ^ source.ballerina meta.function.ballerina meta.block.ballerina meta.var.expr.ballerina regexp.template.ballerina meta.group.assertion.regexp.ballerina constant.other.flag.regexp.ballerina punctuation.other.non-capturing-group.off.regexp.ballerina
#                             ^ source.ballerina meta.function.ballerina meta.block.ballerina meta.var.expr.ballerina regexp.template.ballerina meta.group.assertion.regexp.ballerina constant.other.flag.regexp.ballerina punctuation.other.non-capturing-group-end.regexp.ballerina
#                              ^^^ source.ballerina meta.function.ballerina meta.block.ballerina meta.var.expr.ballerina regexp.template.ballerina meta.group.assertion.regexp.ballerina
#                                 ^ source.ballerina meta.function.ballerina meta.block.ballerina meta.var.expr.ballerina regexp.template.ballerina meta.group.assertion.regexp.ballerina punctuation.definition.group.regexp.ballerina
#                                  ^ source.ballerina meta.function.ballerina meta.block.ballerina meta.var.expr.ballerina regexp.template.ballerina
#                                   ^ source.ballerina meta.function.ballerina meta.block.ballerina punctuation.terminator.statement.ballerina
>    string:RegExp _ = re `(?i-:abc)`;
#^^^^ source.ballerina meta.function.ballerina meta.block.ballerina
#    ^^^^^^ source.ballerina meta.function.ballerina meta.block.ballerina meta.var.expr.ballerina support.type.primitive.ballerina
#          ^ source.ballerina meta.function.ballerina meta.block.ballerina meta.var.expr.ballerina meta.type.annotation.ballerina keyword.operator.type.annotation.ballerina
#           ^^^^^^ source.ballerina meta.function.ballerina meta.block.ballerina meta.var.expr.ballerina meta.type.annotation.ballerina variable.other.readwrite.ballerina
#                 ^ source.ballerina meta.function.ballerina meta.block.ballerina meta.var.expr.ballerina meta.type.annotation.ballerina
#                  ^ source.ballerina meta.function.ballerina meta.block.ballerina meta.var.expr.ballerina meta.type.annotation.ballerina variable.other.readwrite.ballerina
#                   ^ source.ballerina meta.function.ballerina meta.block.ballerina meta.var.expr.ballerina meta.type.annotation.ballerina
#                    ^ source.ballerina meta.function.ballerina meta.block.ballerina meta.var.expr.ballerina keyword.operator.assignment.ballerina
#                     ^ source.ballerina meta.function.ballerina meta.block.ballerina meta.var.expr.ballerina
#                      ^^ source.ballerina meta.function.ballerina meta.block.ballerina meta.var.expr.ballerina regexp.template.ballerina support.type.primitive.ballerina
#                        ^ source.ballerina meta.function.ballerina meta.block.ballerina meta.var.expr.ballerina regexp.template.ballerina
#                         ^ source.ballerina meta.function.ballerina meta.block.ballerina meta.var.expr.ballerina regexp.template.ballerina punctuation.definition.regexp.template.begin.ballerina
#                          ^ source.ballerina meta.function.ballerina meta.block.ballerina meta.var.expr.ballerina regexp.template.ballerina meta.group.assertion.regexp.ballerina punctuation.definition.group.regexp.ballerina
#                           ^ source.ballerina meta.function.ballerina meta.block.ballerina meta.var.expr.ballerina regexp.template.ballerina meta.group.assertion.regexp.ballerina keyword.operator.quantifier.regexp.ballerina
#                            ^ source.ballerina meta.function.ballerina meta.block.ballerina meta.var.expr.ballerina regexp.template.ballerina meta.group.assertion.regexp.ballerina constant.other.flag.regexp.ballerina keyword.other.non-capturing-group.flags-on.regexp.ballerina
#                             ^ source.ballerina meta.function.ballerina meta.block.ballerina meta.var.expr.ballerina regexp.template.ballerina meta.group.assertion.regexp.ballerina constant.other.flag.regexp.ballerina punctuation.other.non-capturing-group.off.regexp.ballerina
#                              ^ source.ballerina meta.function.ballerina meta.block.ballerina meta.var.expr.ballerina regexp.template.ballerina meta.group.assertion.regexp.ballerina constant.other.flag.regexp.ballerina punctuation.other.non-capturing-group-end.regexp.ballerina
#                               ^^^ source.ballerina meta.function.ballerina meta.block.ballerina meta.var.expr.ballerina regexp.template.ballerina meta.group.assertion.regexp.ballerina
#                                  ^ source.ballerina meta.function.ballerina meta.block.ballerina meta.var.expr.ballerina regexp.template.ballerina meta.group.assertion.regexp.ballerina punctuation.definition.group.regexp.ballerina
#                                   ^ source.ballerina meta.function.ballerina meta.block.ballerina meta.var.expr.ballerina regexp.template.ballerina
#                                    ^ source.ballerina meta.function.ballerina meta.block.ballerina punctuation.terminator.statement.ballerina
>    string:RegExp _ = re `(?im-sx:abc)`;
#^^^^ source.ballerina meta.function.ballerina meta.block.ballerina
#    ^^^^^^ source.ballerina meta.function.ballerina meta.block.ballerina meta.var.expr.ballerina support.type.primitive.ballerina
#          ^ source.ballerina meta.function.ballerina meta.block.ballerina meta.var.expr.ballerina meta.type.annotation.ballerina keyword.operator.type.annotation.ballerina
#           ^^^^^^ source.ballerina meta.function.ballerina meta.block.ballerina meta.var.expr.ballerina meta.type.annotation.ballerina variable.other.readwrite.ballerina
#                 ^ source.ballerina meta.function.ballerina meta.block.ballerina meta.var.expr.ballerina meta.type.annotation.ballerina
#                  ^ source.ballerina meta.function.ballerina meta.block.ballerina meta.var.expr.ballerina meta.type.annotation.ballerina variable.other.readwrite.ballerina
#                   ^ source.ballerina meta.function.ballerina meta.block.ballerina meta.var.expr.ballerina meta.type.annotation.ballerina
#                    ^ source.ballerina meta.function.ballerina meta.block.ballerina meta.var.expr.ballerina keyword.operator.assignment.ballerina
#                     ^ source.ballerina meta.function.ballerina meta.block.ballerina meta.var.expr.ballerina
#                      ^^ source.ballerina meta.function.ballerina meta.block.ballerina meta.var.expr.ballerina regexp.template.ballerina support.type.primitive.ballerina
#                        ^ source.ballerina meta.function.ballerina meta.block.ballerina meta.var.expr.ballerina regexp.template.ballerina
#                         ^ source.ballerina meta.function.ballerina meta.block.ballerina meta.var.expr.ballerina regexp.template.ballerina punctuation.definition.regexp.template.begin.ballerina
#                          ^ source.ballerina meta.function.ballerina meta.block.ballerina meta.var.expr.ballerina regexp.template.ballerina meta.group.assertion.regexp.ballerina punctuation.definition.group.regexp.ballerina
#                           ^ source.ballerina meta.function.ballerina meta.block.ballerina meta.var.expr.ballerina regexp.template.ballerina meta.group.assertion.regexp.ballerina keyword.operator.quantifier.regexp.ballerina
#                            ^^ source.ballerina meta.function.ballerina meta.block.ballerina meta.var.expr.ballerina regexp.template.ballerina meta.group.assertion.regexp.ballerina constant.other.flag.regexp.ballerina keyword.other.non-capturing-group.flags-on.regexp.ballerina
#                              ^ source.ballerina meta.function.ballerina meta.block.ballerina meta.var.expr.ballerina regexp.template.ballerina meta.group.assertion.regexp.ballerina constant.other.flag.regexp.ballerina punctuation.other.non-capturing-group.off.regexp.ballerina
#                               ^^ source.ballerina meta.function.ballerina meta.block.ballerina meta.var.expr.ballerina regexp.template.ballerina meta.group.assertion.regexp.ballerina constant.other.flag.regexp.ballerina keyword.other.non-capturing-group.flags-off.regexp.ballerina
#                                 ^ source.ballerina meta.function.ballerina meta.block.ballerina meta.var.expr.ballerina regexp.template.ballerina meta.group.assertion.regexp.ballerina constant.other.flag.regexp.ballerina punctuation.other.non-capturing-group-end.regexp.ballerina
#                                  ^^^ source.ballerina meta.function.ballerina meta.block.ballerina meta.var.expr.ballerina regexp.template.ballerina meta.group.assertion.regexp.ballerina
#                                     ^ source.ballerina meta.function.ballerina meta.block.ballerina meta.var.expr.ballerina regexp.template.ballerina meta.group.assertion.regexp.ballerina punctuation.definition.group.regexp.ballerina
#                                      ^ source.ballerina meta.function.ballerina meta.block.ballerina meta.var.expr.ballerina regexp.template.ballerina
#                                       ^ source.ballerina meta.function.ballerina meta.block.ballerina punctuation.terminator.statement.ballerina
>
>    string:RegExp _ = re `(abc)|${pattern}|[abc]|(?i:abc)`;
#^^^^ source.ballerina meta.function.ballerina meta.block.ballerina
#    ^^^^^^ source.ballerina meta.function.ballerina meta.block.ballerina meta.var.expr.ballerina support.type.primitive.ballerina
#          ^ source.ballerina meta.function.ballerina meta.block.ballerina meta.var.expr.ballerina meta.type.annotation.ballerina keyword.operator.type.annotation.ballerina
#           ^^^^^^ source.ballerina meta.function.ballerina meta.block.ballerina meta.var.expr.ballerina meta.type.annotation.ballerina variable.other.readwrite.ballerina
#                 ^ source.ballerina meta.function.ballerina meta.block.ballerina meta.var.expr.ballerina meta.type.annotation.ballerina
#                  ^ source.ballerina meta.function.ballerina meta.block.ballerina meta.var.expr.ballerina meta.type.annotation.ballerina variable.other.readwrite.ballerina
#                   ^ source.ballerina meta.function.ballerina meta.block.ballerina meta.var.expr.ballerina meta.type.annotation.ballerina
#                    ^ source.ballerina meta.function.ballerina meta.block.ballerina meta.var.expr.ballerina keyword.operator.assignment.ballerina
#                     ^ source.ballerina meta.function.ballerina meta.block.ballerina meta.var.expr.ballerina
#                      ^^ source.ballerina meta.function.ballerina meta.block.ballerina meta.var.expr.ballerina regexp.template.ballerina support.type.primitive.ballerina
#                        ^ source.ballerina meta.function.ballerina meta.block.ballerina meta.var.expr.ballerina regexp.template.ballerina
#                         ^ source.ballerina meta.function.ballerina meta.block.ballerina meta.var.expr.ballerina regexp.template.ballerina punctuation.definition.regexp.template.begin.ballerina
#                          ^ source.ballerina meta.function.ballerina meta.block.ballerina meta.var.expr.ballerina regexp.template.ballerina meta.group.assertion.regexp.ballerina punctuation.definition.group.regexp.ballerina
#                           ^^^ source.ballerina meta.function.ballerina meta.block.ballerina meta.var.expr.ballerina regexp.template.ballerina meta.group.assertion.regexp.ballerina
#                              ^ source.ballerina meta.function.ballerina meta.block.ballerina meta.var.expr.ballerina regexp.template.ballerina meta.group.assertion.regexp.ballerina punctuation.definition.group.regexp.ballerina
#                               ^ source.ballerina meta.function.ballerina meta.block.ballerina meta.var.expr.ballerina regexp.template.ballerina keyword.operator.or.regexp.ballerina
#                                ^^ source.ballerina meta.function.ballerina meta.block.ballerina meta.var.expr.ballerina regexp.template.ballerina meta.template.expression.ballerina punctuation.definition.template-expression.begin.ballerina
#                                  ^^^^^^^ source.ballerina meta.function.ballerina meta.block.ballerina meta.var.expr.ballerina regexp.template.ballerina meta.template.expression.ballerina meta.embedded.line.ballerina variable.other.readwrite.ballerina
#                                         ^ source.ballerina meta.function.ballerina meta.block.ballerina meta.var.expr.ballerina regexp.template.ballerina meta.template.expression.ballerina punctuation.definition.template-expression.end.ballerina
#                                          ^ source.ballerina meta.function.ballerina meta.block.ballerina meta.var.expr.ballerina regexp.template.ballerina keyword.operator.or.regexp.ballerina
#                                           ^ source.ballerina meta.function.ballerina meta.block.ballerina meta.var.expr.ballerina regexp.template.ballerina constant.other.character-class.set.regexp.ballerina punctuation.definition.character-class.start.regexp.ballerina
#                                            ^^^ source.ballerina meta.function.ballerina meta.block.ballerina meta.var.expr.ballerina regexp.template.ballerina constant.other.character-class.set.regexp.ballerina
#                                               ^ source.ballerina meta.function.ballerina meta.block.ballerina meta.var.expr.ballerina regexp.template.ballerina constant.other.character-class.set.regexp.ballerina punctuation.definition.character-class.end.regexp.ballerina
#                                                ^ source.ballerina meta.function.ballerina meta.block.ballerina meta.var.expr.ballerina regexp.template.ballerina keyword.operator.or.regexp.ballerina
#                                                 ^ source.ballerina meta.function.ballerina meta.block.ballerina meta.var.expr.ballerina regexp.template.ballerina meta.group.assertion.regexp.ballerina punctuation.definition.group.regexp.ballerina
#                                                  ^ source.ballerina meta.function.ballerina meta.block.ballerina meta.var.expr.ballerina regexp.template.ballerina meta.group.assertion.regexp.ballerina keyword.operator.quantifier.regexp.ballerina
#                                                   ^ source.ballerina meta.function.ballerina meta.block.ballerina meta.var.expr.ballerina regexp.template.ballerina meta.group.assertion.regexp.ballerina constant.other.flag.regexp.ballerina keyword.other.non-capturing-group.flags-on.regexp.ballerina
#                                                    ^ source.ballerina meta.function.ballerina meta.block.ballerina meta.var.expr.ballerina regexp.template.ballerina meta.group.assertion.regexp.ballerina constant.other.flag.regexp.ballerina punctuation.other.non-capturing-group-end.regexp.ballerina
#                                                     ^^^ source.ballerina meta.function.ballerina meta.block.ballerina meta.var.expr.ballerina regexp.template.ballerina meta.group.assertion.regexp.ballerina
#                                                        ^ source.ballerina meta.function.ballerina meta.block.ballerina meta.var.expr.ballerina regexp.template.ballerina meta.group.assertion.regexp.ballerina punctuation.definition.group.regexp.ballerina
#                                                         ^ source.ballerina meta.function.ballerina meta.block.ballerina meta.var.expr.ballerina regexp.template.ballerina
#                                                          ^ source.ballerina meta.function.ballerina meta.block.ballerina punctuation.terminator.statement.ballerina
>    string:RegExp _ = re `[((abc))))\]]`;
#^^^^ source.ballerina meta.function.ballerina meta.block.ballerina
#    ^^^^^^ source.ballerina meta.function.ballerina meta.block.ballerina meta.var.expr.ballerina support.type.primitive.ballerina
#          ^ source.ballerina meta.function.ballerina meta.block.ballerina meta.var.expr.ballerina meta.type.annotation.ballerina keyword.operator.type.annotation.ballerina
#           ^^^^^^ source.ballerina meta.function.ballerina meta.block.ballerina meta.var.expr.ballerina meta.type.annotation.ballerina variable.other.readwrite.ballerina
#                 ^ source.ballerina meta.function.ballerina meta.block.ballerina meta.var.expr.ballerina meta.type.annotation.ballerina
#                  ^ source.ballerina meta.function.ballerina meta.block.ballerina meta.var.expr.ballerina meta.type.annotation.ballerina variable.other.readwrite.ballerina
#                   ^ source.ballerina meta.function.ballerina meta.block.ballerina meta.var.expr.ballerina meta.type.annotation.ballerina
#                    ^ source.ballerina meta.function.ballerina meta.block.ballerina meta.var.expr.ballerina keyword.operator.assignment.ballerina
#                     ^ source.ballerina meta.function.ballerina meta.block.ballerina meta.var.expr.ballerina
#                      ^^ source.ballerina meta.function.ballerina meta.block.ballerina meta.var.expr.ballerina regexp.template.ballerina support.type.primitive.ballerina
#                        ^ source.ballerina meta.function.ballerina meta.block.ballerina meta.var.expr.ballerina regexp.template.ballerina
#                         ^ source.ballerina meta.function.ballerina meta.block.ballerina meta.var.expr.ballerina regexp.template.ballerina punctuation.definition.regexp.template.begin.ballerina
#                          ^ source.ballerina meta.function.ballerina meta.block.ballerina meta.var.expr.ballerina regexp.template.ballerina constant.other.character-class.set.regexp.ballerina punctuation.definition.character-class.start.regexp.ballerina
#                           ^^^^^^^^^ source.ballerina meta.function.ballerina meta.block.ballerina meta.var.expr.ballerina regexp.template.ballerina constant.other.character-class.set.regexp.ballerina
#                                    ^^ source.ballerina meta.function.ballerina meta.block.ballerina meta.var.expr.ballerina regexp.template.ballerina constant.other.character-class.set.regexp.ballerina constant.character.escape.backslash.regexp
#                                      ^ source.ballerina meta.function.ballerina meta.block.ballerina meta.var.expr.ballerina regexp.template.ballerina constant.other.character-class.set.regexp.ballerina punctuation.definition.character-class.end.regexp.ballerina
#                                       ^ source.ballerina meta.function.ballerina meta.block.ballerina meta.var.expr.ballerina regexp.template.ballerina
#                                        ^ source.ballerina meta.function.ballerina meta.block.ballerina punctuation.terminator.statement.ballerina
>
>    string:RegExp _ = re `[abc\w\p{Ll}\u{FF}]`;
#^^^^ source.ballerina meta.function.ballerina meta.block.ballerina
#    ^^^^^^ source.ballerina meta.function.ballerina meta.block.ballerina meta.var.expr.ballerina support.type.primitive.ballerina
#          ^ source.ballerina meta.function.ballerina meta.block.ballerina meta.var.expr.ballerina meta.type.annotation.ballerina keyword.operator.type.annotation.ballerina
#           ^^^^^^ source.ballerina meta.function.ballerina meta.block.ballerina meta.var.expr.ballerina meta.type.annotation.ballerina variable.other.readwrite.ballerina
#                 ^ source.ballerina meta.function.ballerina meta.block.ballerina meta.var.expr.ballerina meta.type.annotation.ballerina
#                  ^ source.ballerina meta.function.ballerina meta.block.ballerina meta.var.expr.ballerina meta.type.annotation.ballerina variable.other.readwrite.ballerina
#                   ^ source.ballerina meta.function.ballerina meta.block.ballerina meta.var.expr.ballerina meta.type.annotation.ballerina
#                    ^ source.ballerina meta.function.ballerina meta.block.ballerina meta.var.expr.ballerina keyword.operator.assignment.ballerina
#                     ^ source.ballerina meta.function.ballerina meta.block.ballerina meta.var.expr.ballerina
#                      ^^ source.ballerina meta.function.ballerina meta.block.ballerina meta.var.expr.ballerina regexp.template.ballerina support.type.primitive.ballerina
#                        ^ source.ballerina meta.function.ballerina meta.block.ballerina meta.var.expr.ballerina regexp.template.ballerina
#                         ^ source.ballerina meta.function.ballerina meta.block.ballerina meta.var.expr.ballerina regexp.template.ballerina punctuation.definition.regexp.template.begin.ballerina
#                          ^ source.ballerina meta.function.ballerina meta.block.ballerina meta.var.expr.ballerina regexp.template.ballerina constant.other.character-class.set.regexp.ballerina punctuation.definition.character-class.start.regexp.ballerina
#                           ^^^ source.ballerina meta.function.ballerina meta.block.ballerina meta.var.expr.ballerina regexp.template.ballerina constant.other.character-class.set.regexp.ballerina
#                              ^^ source.ballerina meta.function.ballerina meta.block.ballerina meta.var.expr.ballerina regexp.template.ballerina constant.other.character-class.set.regexp.ballerina keyword.other.character-class.regexp.ballerina
#                                ^^ source.ballerina meta.function.ballerina meta.block.ballerina meta.var.expr.ballerina regexp.template.ballerina constant.other.character-class.set.regexp.ballerina keyword.other.unicode-property.regexp.ballerina keyword.other.unicode-property.regexp.ballerina
#                                  ^ source.ballerina meta.function.ballerina meta.block.ballerina meta.var.expr.ballerina regexp.template.ballerina constant.other.character-class.set.regexp.ballerina keyword.other.unicode-property.regexp.ballerina punctuation.other.unicode-property.begin.regexp.ballerina
#                                   ^^ source.ballerina meta.function.ballerina meta.block.ballerina meta.var.expr.ballerina regexp.template.ballerina constant.other.character-class.set.regexp.ballerina keyword.other.unicode-property.regexp.ballerina
#                                     ^ source.ballerina meta.function.ballerina meta.block.ballerina meta.var.expr.ballerina regexp.template.ballerina constant.other.character-class.set.regexp.ballerina keyword.other.unicode-property.regexp.ballerina punctuation.other.unicode-property.end.regexp.ballerina
#                                      ^^ source.ballerina meta.function.ballerina meta.block.ballerina meta.var.expr.ballerina regexp.template.ballerina constant.other.character-class.set.regexp.ballerina keyword.other.unicode-value.ballerina keyword.other.unicode-value.regexp.ballerina
#                                        ^ source.ballerina meta.function.ballerina meta.block.ballerina meta.var.expr.ballerina regexp.template.ballerina constant.other.character-class.set.regexp.ballerina keyword.other.unicode-value.ballerina punctuation.other.unicode-value.begin.regexp.ballerina
#                                         ^^ source.ballerina meta.function.ballerina meta.block.ballerina meta.var.expr.ballerina regexp.template.ballerina constant.other.character-class.set.regexp.ballerina keyword.other.unicode-value.ballerina
#                                           ^ source.ballerina meta.function.ballerina meta.block.ballerina meta.var.expr.ballerina regexp.template.ballerina constant.other.character-class.set.regexp.ballerina keyword.other.unicode-value.ballerina punctuation.other.unicode-value.end.regexp.ballerina
#                                            ^ source.ballerina meta.function.ballerina meta.block.ballerina meta.var.expr.ballerina regexp.template.ballerina constant.other.character-class.set.regexp.ballerina punctuation.definition.character-class.end.regexp.ballerina
#                                             ^ source.ballerina meta.function.ballerina meta.block.ballerina meta.var.expr.ballerina regexp.template.ballerina
#                                              ^ source.ballerina meta.function.ballerina meta.block.ballerina punctuation.terminator.statement.ballerina
>    string:RegExp _ = re `[a-z\w]`;
#^^^^ source.ballerina meta.function.ballerina meta.block.ballerina
#    ^^^^^^ source.ballerina meta.function.ballerina meta.block.ballerina meta.var.expr.ballerina support.type.primitive.ballerina
#          ^ source.ballerina meta.function.ballerina meta.block.ballerina meta.var.expr.ballerina meta.type.annotation.ballerina keyword.operator.type.annotation.ballerina
#           ^^^^^^ source.ballerina meta.function.ballerina meta.block.ballerina meta.var.expr.ballerina meta.type.annotation.ballerina variable.other.readwrite.ballerina
#                 ^ source.ballerina meta.function.ballerina meta.block.ballerina meta.var.expr.ballerina meta.type.annotation.ballerina
#                  ^ source.ballerina meta.function.ballerina meta.block.ballerina meta.var.expr.ballerina meta.type.annotation.ballerina variable.other.readwrite.ballerina
#                   ^ source.ballerina meta.function.ballerina meta.block.ballerina meta.var.expr.ballerina meta.type.annotation.ballerina
#                    ^ source.ballerina meta.function.ballerina meta.block.ballerina meta.var.expr.ballerina keyword.operator.assignment.ballerina
#                     ^ source.ballerina meta.function.ballerina meta.block.ballerina meta.var.expr.ballerina
#                      ^^ source.ballerina meta.function.ballerina meta.block.ballerina meta.var.expr.ballerina regexp.template.ballerina support.type.primitive.ballerina
#                        ^ source.ballerina meta.function.ballerina meta.block.ballerina meta.var.expr.ballerina regexp.template.ballerina
#                         ^ source.ballerina meta.function.ballerina meta.block.ballerina meta.var.expr.ballerina regexp.template.ballerina punctuation.definition.regexp.template.begin.ballerina
#                          ^ source.ballerina meta.function.ballerina meta.block.ballerina meta.var.expr.ballerina regexp.template.ballerina constant.other.character-class.set.regexp.ballerina punctuation.definition.character-class.start.regexp.ballerina
#                           ^^^ source.ballerina meta.function.ballerina meta.block.ballerina meta.var.expr.ballerina regexp.template.ballerina constant.other.character-class.set.regexp.ballerina constant.other.character-class.range.regexp.ballerina
#                              ^^ source.ballerina meta.function.ballerina meta.block.ballerina meta.var.expr.ballerina regexp.template.ballerina constant.other.character-class.set.regexp.ballerina keyword.other.character-class.regexp.ballerina
#                                ^ source.ballerina meta.function.ballerina meta.block.ballerina meta.var.expr.ballerina regexp.template.ballerina constant.other.character-class.set.regexp.ballerina punctuation.definition.character-class.end.regexp.ballerina
#                                 ^ source.ballerina meta.function.ballerina meta.block.ballerina meta.var.expr.ballerina regexp.template.ballerina
#                                  ^ source.ballerina meta.function.ballerina meta.block.ballerina punctuation.terminator.statement.ballerina
>
>    string:RegExp _ = re `${pattern}`;
#^^^^ source.ballerina meta.function.ballerina meta.block.ballerina
#    ^^^^^^ source.ballerina meta.function.ballerina meta.block.ballerina meta.var.expr.ballerina support.type.primitive.ballerina
#          ^ source.ballerina meta.function.ballerina meta.block.ballerina meta.var.expr.ballerina meta.type.annotation.ballerina keyword.operator.type.annotation.ballerina
#           ^^^^^^ source.ballerina meta.function.ballerina meta.block.ballerina meta.var.expr.ballerina meta.type.annotation.ballerina variable.other.readwrite.ballerina
#                 ^ source.ballerina meta.function.ballerina meta.block.ballerina meta.var.expr.ballerina meta.type.annotation.ballerina
#                  ^ source.ballerina meta.function.ballerina meta.block.ballerina meta.var.expr.ballerina meta.type.annotation.ballerina variable.other.readwrite.ballerina
#                   ^ source.ballerina meta.function.ballerina meta.block.ballerina meta.var.expr.ballerina meta.type.annotation.ballerina
#                    ^ source.ballerina meta.function.ballerina meta.block.ballerina meta.var.expr.ballerina keyword.operator.assignment.ballerina
#                     ^ source.ballerina meta.function.ballerina meta.block.ballerina meta.var.expr.ballerina
#                      ^^ source.ballerina meta.function.ballerina meta.block.ballerina meta.var.expr.ballerina regexp.template.ballerina support.type.primitive.ballerina
#                        ^ source.ballerina meta.function.ballerina meta.block.ballerina meta.var.expr.ballerina regexp.template.ballerina
#                         ^ source.ballerina meta.function.ballerina meta.block.ballerina meta.var.expr.ballerina regexp.template.ballerina punctuation.definition.regexp.template.begin.ballerina
#                          ^^ source.ballerina meta.function.ballerina meta.block.ballerina meta.var.expr.ballerina regexp.template.ballerina meta.template.expression.ballerina punctuation.definition.template-expression.begin.ballerina
#                            ^^^^^^^ source.ballerina meta.function.ballerina meta.block.ballerina meta.var.expr.ballerina regexp.template.ballerina meta.template.expression.ballerina meta.embedded.line.ballerina variable.other.readwrite.ballerina
#                                   ^ source.ballerina meta.function.ballerina meta.block.ballerina meta.var.expr.ballerina regexp.template.ballerina meta.template.expression.ballerina punctuation.definition.template-expression.end.ballerina
#                                    ^ source.ballerina meta.function.ballerina meta.block.ballerina meta.var.expr.ballerina regexp.template.ballerina
#                                     ^ source.ballerina meta.function.ballerina meta.block.ballerina punctuation.terminator.statement.ballerina
>    string:RegExp _ = re `${myFunction()}`;
#^^^^ source.ballerina meta.function.ballerina meta.block.ballerina
#    ^^^^^^ source.ballerina meta.function.ballerina meta.block.ballerina meta.var.expr.ballerina support.type.primitive.ballerina
#          ^ source.ballerina meta.function.ballerina meta.block.ballerina meta.var.expr.ballerina meta.type.annotation.ballerina keyword.operator.type.annotation.ballerina
#           ^^^^^^ source.ballerina meta.function.ballerina meta.block.ballerina meta.var.expr.ballerina meta.type.annotation.ballerina variable.other.readwrite.ballerina
#                 ^ source.ballerina meta.function.ballerina meta.block.ballerina meta.var.expr.ballerina meta.type.annotation.ballerina
#                  ^ source.ballerina meta.function.ballerina meta.block.ballerina meta.var.expr.ballerina meta.type.annotation.ballerina variable.other.readwrite.ballerina
#                   ^ source.ballerina meta.function.ballerina meta.block.ballerina meta.var.expr.ballerina meta.type.annotation.ballerina
#                    ^ source.ballerina meta.function.ballerina meta.block.ballerina meta.var.expr.ballerina keyword.operator.assignment.ballerina
#                     ^ source.ballerina meta.function.ballerina meta.block.ballerina meta.var.expr.ballerina
#                      ^^ source.ballerina meta.function.ballerina meta.block.ballerina meta.var.expr.ballerina regexp.template.ballerina support.type.primitive.ballerina
#                        ^ source.ballerina meta.function.ballerina meta.block.ballerina meta.var.expr.ballerina regexp.template.ballerina
#                         ^ source.ballerina meta.function.ballerina meta.block.ballerina meta.var.expr.ballerina regexp.template.ballerina punctuation.definition.regexp.template.begin.ballerina
#                          ^^ source.ballerina meta.function.ballerina meta.block.ballerina meta.var.expr.ballerina regexp.template.ballerina meta.template.expression.ballerina punctuation.definition.template-expression.begin.ballerina
#                            ^^^^^^^^^^ source.ballerina meta.function.ballerina meta.block.ballerina meta.var.expr.ballerina regexp.template.ballerina meta.template.expression.ballerina meta.embedded.line.ballerina entity.name.function.ballerina
#                                      ^ source.ballerina meta.function.ballerina meta.block.ballerina meta.var.expr.ballerina regexp.template.ballerina meta.template.expression.ballerina meta.embedded.line.ballerina meta.brace.round.block.ballerina meta.brace.round.ballerina
#                                       ^ source.ballerina meta.function.ballerina meta.block.ballerina meta.var.expr.ballerina regexp.template.ballerina meta.template.expression.ballerina meta.embedded.line.ballerina meta.brace.round.block.ballerina meta.brace.round.ballerina
#                                        ^ source.ballerina meta.function.ballerina meta.block.ballerina meta.var.expr.ballerina regexp.template.ballerina meta.template.expression.ballerina punctuation.definition.template-expression.end.ballerina
#                                         ^ source.ballerina meta.function.ballerina meta.block.ballerina meta.var.expr.ballerina regexp.template.ballerina
#                                          ^ source.ballerina meta.function.ballerina meta.block.ballerina punctuation.terminator.statement.ballerina
>    string:RegExp _ = re `${"ABC"}`;
#^^^^ source.ballerina meta.function.ballerina meta.block.ballerina
#    ^^^^^^ source.ballerina meta.function.ballerina meta.block.ballerina meta.var.expr.ballerina support.type.primitive.ballerina
#          ^ source.ballerina meta.function.ballerina meta.block.ballerina meta.var.expr.ballerina meta.type.annotation.ballerina keyword.operator.type.annotation.ballerina
#           ^^^^^^ source.ballerina meta.function.ballerina meta.block.ballerina meta.var.expr.ballerina meta.type.annotation.ballerina variable.other.readwrite.ballerina
#                 ^ source.ballerina meta.function.ballerina meta.block.ballerina meta.var.expr.ballerina meta.type.annotation.ballerina
#                  ^ source.ballerina meta.function.ballerina meta.block.ballerina meta.var.expr.ballerina meta.type.annotation.ballerina variable.other.readwrite.ballerina
#                   ^ source.ballerina meta.function.ballerina meta.block.ballerina meta.var.expr.ballerina meta.type.annotation.ballerina
#                    ^ source.ballerina meta.function.ballerina meta.block.ballerina meta.var.expr.ballerina keyword.operator.assignment.ballerina
#                     ^ source.ballerina meta.function.ballerina meta.block.ballerina meta.var.expr.ballerina
#                      ^^ source.ballerina meta.function.ballerina meta.block.ballerina meta.var.expr.ballerina regexp.template.ballerina support.type.primitive.ballerina
#                        ^ source.ballerina meta.function.ballerina meta.block.ballerina meta.var.expr.ballerina regexp.template.ballerina
#                         ^ source.ballerina meta.function.ballerina meta.block.ballerina meta.var.expr.ballerina regexp.template.ballerina punctuation.definition.regexp.template.begin.ballerina
#                          ^^ source.ballerina meta.function.ballerina meta.block.ballerina meta.var.expr.ballerina regexp.template.ballerina meta.template.expression.ballerina punctuation.definition.template-expression.begin.ballerina
#                            ^ source.ballerina meta.function.ballerina meta.block.ballerina meta.var.expr.ballerina regexp.template.ballerina meta.template.expression.ballerina meta.embedded.line.ballerina string.quoted.double.ballerina punctuation.definition.string.begin.ballerina
#                             ^^^ source.ballerina meta.function.ballerina meta.block.ballerina meta.var.expr.ballerina regexp.template.ballerina meta.template.expression.ballerina meta.embedded.line.ballerina string.quoted.double.ballerina
#                                ^ source.ballerina meta.function.ballerina meta.block.ballerina meta.var.expr.ballerina regexp.template.ballerina meta.template.expression.ballerina meta.embedded.line.ballerina string.quoted.double.ballerina punctuation.definition.string.end.ballerina
#                                 ^ source.ballerina meta.function.ballerina meta.block.ballerina meta.var.expr.ballerina regexp.template.ballerina meta.template.expression.ballerina punctuation.definition.template-expression.end.ballerina
#                                  ^ source.ballerina meta.function.ballerina meta.block.ballerina meta.var.expr.ballerina regexp.template.ballerina
#                                   ^ source.ballerina meta.function.ballerina meta.block.ballerina punctuation.terminator.statement.ballerina
>    string:RegExp _ = re `(?:${pattern})`;
#^^^^ source.ballerina meta.function.ballerina meta.block.ballerina
#    ^^^^^^ source.ballerina meta.function.ballerina meta.block.ballerina meta.var.expr.ballerina support.type.primitive.ballerina
#          ^ source.ballerina meta.function.ballerina meta.block.ballerina meta.var.expr.ballerina meta.type.annotation.ballerina keyword.operator.type.annotation.ballerina
#           ^^^^^^ source.ballerina meta.function.ballerina meta.block.ballerina meta.var.expr.ballerina meta.type.annotation.ballerina variable.other.readwrite.ballerina
#                 ^ source.ballerina meta.function.ballerina meta.block.ballerina meta.var.expr.ballerina meta.type.annotation.ballerina
#                  ^ source.ballerina meta.function.ballerina meta.block.ballerina meta.var.expr.ballerina meta.type.annotation.ballerina variable.other.readwrite.ballerina
#                   ^ source.ballerina meta.function.ballerina meta.block.ballerina meta.var.expr.ballerina meta.type.annotation.ballerina
#                    ^ source.ballerina meta.function.ballerina meta.block.ballerina meta.var.expr.ballerina keyword.operator.assignment.ballerina
#                     ^ source.ballerina meta.function.ballerina meta.block.ballerina meta.var.expr.ballerina
#                      ^^ source.ballerina meta.function.ballerina meta.block.ballerina meta.var.expr.ballerina regexp.template.ballerina support.type.primitive.ballerina
#                        ^ source.ballerina meta.function.ballerina meta.block.ballerina meta.var.expr.ballerina regexp.template.ballerina
#                         ^ source.ballerina meta.function.ballerina meta.block.ballerina meta.var.expr.ballerina regexp.template.ballerina punctuation.definition.regexp.template.begin.ballerina
#                          ^ source.ballerina meta.function.ballerina meta.block.ballerina meta.var.expr.ballerina regexp.template.ballerina meta.group.assertion.regexp.ballerina punctuation.definition.group.regexp.ballerina
#                           ^ source.ballerina meta.function.ballerina meta.block.ballerina meta.var.expr.ballerina regexp.template.ballerina meta.group.assertion.regexp.ballerina keyword.operator.quantifier.regexp.ballerina
#                            ^ source.ballerina meta.function.ballerina meta.block.ballerina meta.var.expr.ballerina regexp.template.ballerina meta.group.assertion.regexp.ballerina constant.other.flag.regexp.ballerina punctuation.other.non-capturing-group-end.regexp.ballerina
#                             ^^ source.ballerina meta.function.ballerina meta.block.ballerina meta.var.expr.ballerina regexp.template.ballerina meta.group.assertion.regexp.ballerina meta.template.expression.ballerina punctuation.definition.template-expression.begin.ballerina
#                               ^^^^^^^ source.ballerina meta.function.ballerina meta.block.ballerina meta.var.expr.ballerina regexp.template.ballerina meta.group.assertion.regexp.ballerina meta.template.expression.ballerina meta.embedded.line.ballerina variable.other.readwrite.ballerina
#                                      ^ source.ballerina meta.function.ballerina meta.block.ballerina meta.var.expr.ballerina regexp.template.ballerina meta.group.assertion.regexp.ballerina meta.template.expression.ballerina punctuation.definition.template-expression.end.ballerina
#                                       ^ source.ballerina meta.function.ballerina meta.block.ballerina meta.var.expr.ballerina regexp.template.ballerina meta.group.assertion.regexp.ballerina punctuation.definition.group.regexp.ballerina
#                                        ^ source.ballerina meta.function.ballerina meta.block.ballerina meta.var.expr.ballerina regexp.template.ballerina
#                                         ^ source.ballerina meta.function.ballerina meta.block.ballerina punctuation.terminator.statement.ballerina
>    string:RegExp _ = re `(${myFunction()})`;
#^^^^ source.ballerina meta.function.ballerina meta.block.ballerina
#    ^^^^^^ source.ballerina meta.function.ballerina meta.block.ballerina meta.var.expr.ballerina support.type.primitive.ballerina
#          ^ source.ballerina meta.function.ballerina meta.block.ballerina meta.var.expr.ballerina meta.type.annotation.ballerina keyword.operator.type.annotation.ballerina
#           ^^^^^^ source.ballerina meta.function.ballerina meta.block.ballerina meta.var.expr.ballerina meta.type.annotation.ballerina variable.other.readwrite.ballerina
#                 ^ source.ballerina meta.function.ballerina meta.block.ballerina meta.var.expr.ballerina meta.type.annotation.ballerina
#                  ^ source.ballerina meta.function.ballerina meta.block.ballerina meta.var.expr.ballerina meta.type.annotation.ballerina variable.other.readwrite.ballerina
#                   ^ source.ballerina meta.function.ballerina meta.block.ballerina meta.var.expr.ballerina meta.type.annotation.ballerina
#                    ^ source.ballerina meta.function.ballerina meta.block.ballerina meta.var.expr.ballerina keyword.operator.assignment.ballerina
#                     ^ source.ballerina meta.function.ballerina meta.block.ballerina meta.var.expr.ballerina
#                      ^^ source.ballerina meta.function.ballerina meta.block.ballerina meta.var.expr.ballerina regexp.template.ballerina support.type.primitive.ballerina
#                        ^ source.ballerina meta.function.ballerina meta.block.ballerina meta.var.expr.ballerina regexp.template.ballerina
#                         ^ source.ballerina meta.function.ballerina meta.block.ballerina meta.var.expr.ballerina regexp.template.ballerina punctuation.definition.regexp.template.begin.ballerina
#                          ^ source.ballerina meta.function.ballerina meta.block.ballerina meta.var.expr.ballerina regexp.template.ballerina meta.group.assertion.regexp.ballerina punctuation.definition.group.regexp.ballerina
#                           ^^ source.ballerina meta.function.ballerina meta.block.ballerina meta.var.expr.ballerina regexp.template.ballerina meta.group.assertion.regexp.ballerina meta.template.expression.ballerina punctuation.definition.template-expression.begin.ballerina
#                             ^^^^^^^^^^ source.ballerina meta.function.ballerina meta.block.ballerina meta.var.expr.ballerina regexp.template.ballerina meta.group.assertion.regexp.ballerina meta.template.expression.ballerina meta.embedded.line.ballerina entity.name.function.ballerina
#                                       ^ source.ballerina meta.function.ballerina meta.block.ballerina meta.var.expr.ballerina regexp.template.ballerina meta.group.assertion.regexp.ballerina meta.template.expression.ballerina meta.embedded.line.ballerina meta.brace.round.block.ballerina meta.brace.round.ballerina
#                                        ^ source.ballerina meta.function.ballerina meta.block.ballerina meta.var.expr.ballerina regexp.template.ballerina meta.group.assertion.regexp.ballerina meta.template.expression.ballerina meta.embedded.line.ballerina meta.brace.round.block.ballerina meta.brace.round.ballerina
#                                         ^ source.ballerina meta.function.ballerina meta.block.ballerina meta.var.expr.ballerina regexp.template.ballerina meta.group.assertion.regexp.ballerina meta.template.expression.ballerina punctuation.definition.template-expression.end.ballerina
#                                          ^ source.ballerina meta.function.ballerina meta.block.ballerina meta.var.expr.ballerina regexp.template.ballerina meta.group.assertion.regexp.ballerina punctuation.definition.group.regexp.ballerina
#                                           ^ source.ballerina meta.function.ballerina meta.block.ballerina meta.var.expr.ballerina regexp.template.ballerina
#                                            ^ source.ballerina meta.function.ballerina meta.block.ballerina punctuation.terminator.statement.ballerina
>    string:RegExp _ = re `[(${"ABC"})]|[${"ABC"}]`;
#^^^^ source.ballerina meta.function.ballerina meta.block.ballerina
#    ^^^^^^ source.ballerina meta.function.ballerina meta.block.ballerina meta.var.expr.ballerina support.type.primitive.ballerina
#          ^ source.ballerina meta.function.ballerina meta.block.ballerina meta.var.expr.ballerina meta.type.annotation.ballerina keyword.operator.type.annotation.ballerina
#           ^^^^^^ source.ballerina meta.function.ballerina meta.block.ballerina meta.var.expr.ballerina meta.type.annotation.ballerina variable.other.readwrite.ballerina
#                 ^ source.ballerina meta.function.ballerina meta.block.ballerina meta.var.expr.ballerina meta.type.annotation.ballerina
#                  ^ source.ballerina meta.function.ballerina meta.block.ballerina meta.var.expr.ballerina meta.type.annotation.ballerina variable.other.readwrite.ballerina
#                   ^ source.ballerina meta.function.ballerina meta.block.ballerina meta.var.expr.ballerina meta.type.annotation.ballerina
#                    ^ source.ballerina meta.function.ballerina meta.block.ballerina meta.var.expr.ballerina keyword.operator.assignment.ballerina
#                     ^ source.ballerina meta.function.ballerina meta.block.ballerina meta.var.expr.ballerina
#                      ^^ source.ballerina meta.function.ballerina meta.block.ballerina meta.var.expr.ballerina regexp.template.ballerina support.type.primitive.ballerina
#                        ^ source.ballerina meta.function.ballerina meta.block.ballerina meta.var.expr.ballerina regexp.template.ballerina
#                         ^ source.ballerina meta.function.ballerina meta.block.ballerina meta.var.expr.ballerina regexp.template.ballerina punctuation.definition.regexp.template.begin.ballerina
#                          ^ source.ballerina meta.function.ballerina meta.block.ballerina meta.var.expr.ballerina regexp.template.ballerina constant.other.character-class.set.regexp.ballerina punctuation.definition.character-class.start.regexp.ballerina
#                           ^^^^^^^^^^ source.ballerina meta.function.ballerina meta.block.ballerina meta.var.expr.ballerina regexp.template.ballerina constant.other.character-class.set.regexp.ballerina
#                                     ^ source.ballerina meta.function.ballerina meta.block.ballerina meta.var.expr.ballerina regexp.template.ballerina constant.other.character-class.set.regexp.ballerina punctuation.definition.character-class.end.regexp.ballerina
#                                      ^ source.ballerina meta.function.ballerina meta.block.ballerina meta.var.expr.ballerina regexp.template.ballerina keyword.operator.or.regexp.ballerina
#                                       ^ source.ballerina meta.function.ballerina meta.block.ballerina meta.var.expr.ballerina regexp.template.ballerina constant.other.character-class.set.regexp.ballerina punctuation.definition.character-class.start.regexp.ballerina
#                                        ^^^^^^^^ source.ballerina meta.function.ballerina meta.block.ballerina meta.var.expr.ballerina regexp.template.ballerina constant.other.character-class.set.regexp.ballerina
#                                                ^ source.ballerina meta.function.ballerina meta.block.ballerina meta.var.expr.ballerina regexp.template.ballerina constant.other.character-class.set.regexp.ballerina punctuation.definition.character-class.end.regexp.ballerina
#                                                 ^ source.ballerina meta.function.ballerina meta.block.ballerina meta.var.expr.ballerina regexp.template.ballerina
#                                                  ^ source.ballerina meta.function.ballerina meta.block.ballerina punctuation.terminator.statement.ballerina
>
>}
#^ source.ballerina meta.function.ballerina meta.block.ballerina punctuation.definition.block.ballerina
>
>function myFunction() returns string {
#^^^^^^^^ source.ballerina meta.function.ballerina keyword.other.ballerina
#        ^ source.ballerina meta.function.ballerina
#         ^^^^^^^^^^ source.ballerina meta.function.ballerina meta.definition.function.ballerina entity.name.function.ballerina
#                   ^ source.ballerina meta.function.ballerina meta.parameters.ballerina punctuation.definition.parameters.begin.ballerina
#                    ^ source.ballerina meta.function.ballerina meta.parameters.ballerina punctuation.definition.parameters.end.ballerina
#                     ^ source.ballerina meta.function.ballerina meta.type.function.return.ballerina
#                      ^^^^^^^ source.ballerina meta.function.ballerina meta.type.function.return.ballerina keyword.other.ballerina
#                             ^ source.ballerina meta.function.ballerina meta.type.function.return.ballerina
#                              ^^^^^^ source.ballerina meta.function.ballerina meta.type.function.return.ballerina support.type.primitive.ballerina
#                                    ^ source.ballerina meta.function.ballerina meta.type.function.return.ballerina
#                                     ^ source.ballerina meta.function.ballerina meta.block.ballerina punctuation.definition.block.ballerina
>    return "abc";
#^^^^ source.ballerina meta.function.ballerina meta.block.ballerina
#    ^^^^^^ source.ballerina meta.function.ballerina meta.block.ballerina keyword.control.flow.ballerina
#          ^ source.ballerina meta.function.ballerina meta.block.ballerina
#           ^ source.ballerina meta.function.ballerina meta.block.ballerina string.quoted.double.ballerina punctuation.definition.string.begin.ballerina
#            ^^^ source.ballerina meta.function.ballerina meta.block.ballerina string.quoted.double.ballerina
#               ^ source.ballerina meta.function.ballerina meta.block.ballerina string.quoted.double.ballerina punctuation.definition.string.end.ballerina
#                ^ source.ballerina meta.function.ballerina meta.block.ballerina punctuation.terminator.statement.ballerina
>}
#^ source.ballerina meta.function.ballerina meta.block.ballerina punctuation.definition.block.ballerina
>